// Jest Snapshot v1, https://goo.gl/fbAQLP

exports[`automatic snapshot 1`] = `
<form
  class="JestTestSetup"
  data-reactid=".1"
  id="JestTestSetup"
>
  <input
    data-reactid=".1.0"
    name="username"
    type="text"
  />
  <input
    data-reactid=".1.1"
    name="password"
    type="text"
  />
</form>
`;
